// Jest Snapshot v1, https://goo.gl/fbAQLP

exports[`should render expense list with expenses 1`] = `
<div>
  <h1>
    Expense list
  </h1>
  <Item
    amount={195}
    createdAt={0}
    description="gum"
    id="1"
    key="1"
    note=""
  />
  <Item
    amount={109500}
    createdAt={-345600000}
    description="rent"
    id="2"
    key="2"
    note=""
  />
  <Item
    amount={4500}
    createdAt={345600000}
    description="credit card"
    id="3"
    key="3"
    note=""
  />
</div>
`;
